---
source: src/analysis/infer.rs
expression: types
---
[
    TyVar('a),
]
