---
source: src/analysis/infer.rs
expression: types
---
[
    [[TyVar('a)] -> TyVar('b), TyVar('a)] -> TyVar('b),
]
