---
source: src/parser/tests.rs
expression: ast
---
Data(
    Data {
        name: InternedString(Point),
        fields: [
            InternedString(x),
            InternedString(y),
        ],
    },
)
