---
source: src/parser/tests.rs
expression: ast
---
Expr(
    Lit(
        Int(
            Int {
                value: 3735928559,
                radix: Hex,
            },
        ),
    ),
)
