---
source: src/parser/tests.rs
expression: ast
---
Expr(
    Lit(
        Map(
            Map {
                items: {
                    InternedString(y): Lit(
                        Int(
                            Int {
                                value: 2,
                                radix: Dec,
                            },
                        ),
                    ),
                    InternedString(z): Lit(
                        Int(
                            Int {
                                value: 3,
                                radix: Dec,
                            },
                        ),
                    ),
                    InternedString(x): Lit(
                        Int(
                            Int {
                                value: 1,
                                radix: Dec,
                            },
                        ),
                    ),
                },
            },
        ),
    ),
)
