---
source: src/parser/tests.rs
expression: ast
---
Struct(
    StructDef {
        name: InternedString(Point),
        fields: [
            InternedString(x),
            InternedString(y),
        ],
    },
)
