---
source: src/parser/tests.rs
expression: ast
---
Expr(
    Infix {
        op: Add,
        lhs: Lit(
            Int(
                Int {
                    value: 1,
                    radix: Dec,
                },
            ),
        ),
        rhs: Infix {
            op: Mul,
            lhs: Lit(
                Int(
                    Int {
                        value: 2,
                        radix: Dec,
                    },
                ),
            ),
            rhs: Infix {
                op: Pow,
                lhs: Lit(
                    Int(
                        Int {
                            value: 3,
                            radix: Dec,
                        },
                    ),
                ),
                rhs: Prefix {
                    op: Neg,
                    expr: Lit(
                        Int(
                            Int {
                                value: 4,
                                radix: Dec,
                            },
                        ),
                    ),
                },
            },
        },
    },
)
