---
source: miniml-syntax/src/parser.rs
expression: expr
---
Spanned {
    value: Let {
        name: Spanned {
            value: InternedString(x),
            span: Span {
                start: 4,
                end: 5,
            },
        },
        expr: Spanned {
            value: Lit(
                Spanned {
                    value: Int(
                        Int(
                            1,
                        ),
                    ),
                    span: Span {
                        start: 8,
                        end: 9,
                    },
                },
            ),
            span: Span {
                start: 8,
                end: 9,
            },
        },
        body: Spanned {
            value: Infix {
                op: Spanned {
                    value: Add,
                    span: Span {
                        start: 15,
                        end: 16,
                    },
                },
                lhs: Spanned {
                    value: Ident(
                        Spanned {
                            value: InternedString(x),
                            span: Span {
                                start: 13,
                                end: 14,
                            },
                        },
                    ),
                    span: Span {
                        start: 13,
                        end: 14,
                    },
                },
                rhs: Spanned {
                    value: Lit(
                        Spanned {
                            value: Int(
                                Int(
                                    1,
                                ),
                            ),
                            span: Span {
                                start: 17,
                                end: 18,
                            },
                        },
                    ),
                    span: Span {
                        start: 17,
                        end: 18,
                    },
                },
            },
            span: Span {
                start: 13,
                end: 18,
            },
        },
        rec: false,
    },
    span: Span {
        start: 0,
        end: 18,
    },
}
