---
source: miniml-syntax/src/parser.rs
expression: fmt
---
Expr @ 0..2
  Unit
