---
source: src/parser/tests.rs
expression: token_lits
---
[
    (
        Int - <0, 4>,
        "-523",
    ),
]
