---
source: miniml-syntax/src/token.rs
expression: tokens
---
[
    (
        Ok(
            Int,
        ),
        0..1,
    ),
    (
        Ok(
            Minus,
        ),
        1..2,
    ),
    (
        Ok(
            Int,
        ),
        2..3,
    ),
]
