---
source: syntax/src/parse.rs
expression: root.unwrap()
---
Root {
    items: [
        Expr(
            Ident(
                InternedString(x),
            ),
        ) @ 0..1,
    ],
} @ 0..1
