---
source: src/syntax/parse.rs
expression: root.unwrap()
---
Root {
    items: [
        Expr(
            Lit(
                Bool(
                    true,
                ),
            ),
        ) @ 0..4,
    ],
} @ 0..4
